============================= test session starts =============================
platform win32 -- Python 3.14.0, pytest-9.0.2, pluggy-1.6.0
rootdir: C:\Users\player1\Desktop\InSite_signs
plugins: cov-7.0.0, mock-3.15.1, requests-mock-1.12.1
collected 7 items

tests\test_onboarding_activation.py EEE.EEE                              [100%]

=================================== ERRORS ====================================
_____ ERROR at setup of TestPhase1Dashboard.test_dashboard_mode_no_signs ______

app = <Flask 'app'>, client = <FlaskClient <Flask 'app'>>

    @pytest.fixture
    def test_user_with_agent(app, client):
        with app.app_context():
>           db = get_db()
                 ^^^^^^^^

tests\test_onboarding_activation.py:185: 
_ _ _ _ _ _ _ _ _ _ _ _ _ _ _ _ _ _ _ _ _ _ _ _ _ _ _ _ _ _ _ _ _ _ _ _ _ _ _ _
database.py:20: in get_db
    raise e
database.py:16: in get_db
    conn = psycopg2.connect(db_url, cursor_factory=DictCursor)
           ^^^^^^^^^^^^^^^^^^^^^^^^^^^^^^^^^^^^^^^^^^^^^^^^^^^
_ _ _ _ _ _ _ _ _ _ _ _ _ _ _ _ _ _ _ _ _ _ _ _ _ _ _ _ _ _ _ _ _ _ _ _ _ _ _ _

dsn = 'postgresql://postgres:postgres@localhost:5432/insite_test'
connection_factory = None, cursor_factory = <class 'psycopg2.extras.DictCursor'>
kwargs = {}, kwasync = {}

    def connect(dsn=None, connection_factory=None, cursor_factory=None, **kwargs):
        """
        Create a new database connection.
    
        The connection parameters can be specified as a string:
    
            conn = psycopg2.connect("dbname=test user=postgres password=secret")
    
        or using a set of keyword arguments:
    
            conn = psycopg2.connect(database="test", user="postgres", password="secret")
    
        Or as a mix of both. The basic connection parameters are:
    
        - *dbname*: the database name
        - *database*: the database name (only as keyword argument)
        - *user*: user name used to authenticate
        - *password*: password used to authenticate
        - *host*: database host address (defaults to UNIX socket if not provided)
        - *port*: connection port number (defaults to 5432 if not provided)
    
        Using the *connection_factory* parameter a different class or connections
        factory can be specified. It should be a callable object taking a dsn
        argument.
    
        Using the *cursor_factory* parameter, a new default cursor factory will be
        used by cursor().
    
        Using *async*=True an asynchronous connection will be created. *async_* is
        a valid alias (for Python versions where ``async`` is a keyword).
    
        Any other keyword parameter will be passed to the underlying client
        library: the list of supported parameters depends on the library version.
    
        """
        kwasync = {}
        if 'async' in kwargs:
            kwasync['async'] = kwargs.pop('async')
        if 'async_' in kwargs:
            kwasync['async_'] = kwargs.pop('async_')
    
        dsn = _ext.make_dsn(dsn, **kwargs)
>       conn = _connect(dsn, connection_factory=connection_factory, **kwasync)
               ^^^^^^^^^^^^^^^^^^^^^^^^^^^^^^^^^^^^^^^^^^^^^^^^^^^^^^^^^^^^^^^
E       psycopg2.OperationalError: connection to server at "localhost" (::1), port 5432 failed: Connection refused (0x0000274D/10061)
E       	Is the server running on that host and accepting TCP/IP connections?
E       connection to server at "localhost" (127.0.0.1), port 5432 failed: Connection refused (0x0000274D/10061)
E       	Is the server running on that host and accepting TCP/IP connections?

..\..\AppData\Roaming\Python\Python314\site-packages\psycopg2\__init__.py:135: OperationalError
---------------------------- Captured stdout setup ----------------------------
{"timestamp": "2026-02-09T17:35:32.404781", "level": "INFO", "message": "Logger setup complete. JSON formatted logs enabled.", "logger": "app", "module": "logger", "lineno": 66}
{"timestamp": "2026-02-09T17:35:32.407136", "level": "INFO", "message": "[Startup] Warming Stripe Price Cache...", "logger": "app", "module": "app", "lineno": 112}
{"timestamp": "2026-02-09T17:35:32.770540", "level": "WARNING", "message": "[Startup] Dev Warning: Cache warm failed: Invalid API Key provided: sk_test_mock", "logger": "app", "module": "app", "lineno": 120}
[DB] Connection Failed: connection to server at "localhost" (::1), port 5432 failed: Connection refused (0x0000274D/10061)
	Is the server running on that host and accepting TCP/IP connections?
connection to server at "localhost" (127.0.0.1), port 5432 failed: Connection refused (0x0000274D/10061)
	Is the server running on that host and accepting TCP/IP connections?

----------------------------- Captured log setup ------------------------------
INFO     app:logger.py:66 Logger setup complete. JSON formatted logs enabled.
INFO     app:app.py:112 [Startup] Warming Stripe Price Cache...
ERROR    services.stripe_price_resolver:stripe_price_resolver.py:129 Stripe API error refreshing keys ['smart_sign_print_18x24', 'smart_sign_print_24x36', 'smart_sign_print_36x24', 'smart_riser_6x24', 'smart_riser_6x36', 'yard_sign_coroplast_12x18', 'yard_sign_coroplast_18x24', 'yard_sign_coroplast_24x36', 'yard_sign_aluminum_18x24', 'yard_sign_aluminum_24x36']: Invalid API Key provided: sk_test_mock
WARNING  app:app.py:120 [Startup] Dev Warning: Cache warm failed: Invalid API Key provided: sk_test_mock
_ ERROR at setup of TestPhase1Dashboard.test_dashboard_mode_needs_assignment __

app = <Flask 'app'>, client = <FlaskClient <Flask 'app'>>

    @pytest.fixture
    def test_user_with_unassigned_sign(app, client):
        with app.app_context():
>           db = get_db()
                 ^^^^^^^^

tests\test_onboarding_activation.py:199: 
_ _ _ _ _ _ _ _ _ _ _ _ _ _ _ _ _ _ _ _ _ _ _ _ _ _ _ _ _ _ _ _ _ _ _ _ _ _ _ _
database.py:20: in get_db
    raise e
database.py:16: in get_db
    conn = psycopg2.connect(db_url, cursor_factory=DictCursor)
           ^^^^^^^^^^^^^^^^^^^^^^^^^^^^^^^^^^^^^^^^^^^^^^^^^^^
_ _ _ _ _ _ _ _ _ _ _ _ _ _ _ _ _ _ _ _ _ _ _ _ _ _ _ _ _ _ _ _ _ _ _ _ _ _ _ _

dsn = 'postgresql://postgres:postgres@localhost:5432/insite_test'
connection_factory = None, cursor_factory = <class 'psycopg2.extras.DictCursor'>
kwargs = {}, kwasync = {}

    def connect(dsn=None, connection_factory=None, cursor_factory=None, **kwargs):
        """
        Create a new database connection.
    
        The connection parameters can be specified as a string:
    
            conn = psycopg2.connect("dbname=test user=postgres password=secret")
    
        or using a set of keyword arguments:
    
            conn = psycopg2.connect(database="test", user="postgres", password="secret")
    
        Or as a mix of both. The basic connection parameters are:
    
        - *dbname*: the database name
        - *database*: the database name (only as keyword argument)
        - *user*: user name used to authenticate
        - *password*: password used to authenticate
        - *host*: database host address (defaults to UNIX socket if not provided)
        - *port*: connection port number (defaults to 5432 if not provided)
    
        Using the *connection_factory* parameter a different class or connections
        factory can be specified. It should be a callable object taking a dsn
        argument.
    
        Using the *cursor_factory* parameter, a new default cursor factory will be
        used by cursor().
    
        Using *async*=True an asynchronous connection will be created. *async_* is
        a valid alias (for Python versions where ``async`` is a keyword).
    
        Any other keyword parameter will be passed to the underlying client
        library: the list of supported parameters depends on the library version.
    
        """
        kwasync = {}
        if 'async' in kwargs:
            kwasync['async'] = kwargs.pop('async')
        if 'async_' in kwargs:
            kwasync['async_'] = kwargs.pop('async_')
    
        dsn = _ext.make_dsn(dsn, **kwargs)
>       conn = _connect(dsn, connection_factory=connection_factory, **kwasync)
               ^^^^^^^^^^^^^^^^^^^^^^^^^^^^^^^^^^^^^^^^^^^^^^^^^^^^^^^^^^^^^^^
E       psycopg2.OperationalError: connection to server at "localhost" (::1), port 5432 failed: Connection refused (0x0000274D/10061)
E       	Is the server running on that host and accepting TCP/IP connections?
E       connection to server at "localhost" (127.0.0.1), port 5432 failed: Connection refused (0x0000274D/10061)
E       	Is the server running on that host and accepting TCP/IP connections?

..\..\AppData\Roaming\Python\Python314\site-packages\psycopg2\__init__.py:135: OperationalError
---------------------------- Captured stdout setup ----------------------------
[DB] Connection Failed: connection to server at "localhost" (::1), port 5432 failed: Connection refused (0x0000274D/10061)
	Is the server running on that host and accepting TCP/IP connections?
connection to server at "localhost" (127.0.0.1), port 5432 failed: Connection refused (0x0000274D/10061)
	Is the server running on that host and accepting TCP/IP connections?

______ ERROR at setup of TestPhase1Dashboard.test_dashboard_mode_active _______

app = <Flask 'app'>, client = <FlaskClient <Flask 'app'>>

    @pytest.fixture
    def test_user_with_assigned_sign(app, client):
        with app.app_context():
>           db = get_db()
                 ^^^^^^^^

tests\test_onboarding_activation.py:216: 
_ _ _ _ _ _ _ _ _ _ _ _ _ _ _ _ _ _ _ _ _ _ _ _ _ _ _ _ _ _ _ _ _ _ _ _ _ _ _ _
database.py:20: in get_db
    raise e
database.py:16: in get_db
    conn = psycopg2.connect(db_url, cursor_factory=DictCursor)
           ^^^^^^^^^^^^^^^^^^^^^^^^^^^^^^^^^^^^^^^^^^^^^^^^^^^
_ _ _ _ _ _ _ _ _ _ _ _ _ _ _ _ _ _ _ _ _ _ _ _ _ _ _ _ _ _ _ _ _ _ _ _ _ _ _ _

dsn = 'postgresql://postgres:postgres@localhost:5432/insite_test'
connection_factory = None, cursor_factory = <class 'psycopg2.extras.DictCursor'>
kwargs = {}, kwasync = {}

    def connect(dsn=None, connection_factory=None, cursor_factory=None, **kwargs):
        """
        Create a new database connection.
    
        The connection parameters can be specified as a string:
    
            conn = psycopg2.connect("dbname=test user=postgres password=secret")
    
        or using a set of keyword arguments:
    
            conn = psycopg2.connect(database="test", user="postgres", password="secret")
    
        Or as a mix of both. The basic connection parameters are:
    
        - *dbname*: the database name
        - *database*: the database name (only as keyword argument)
        - *user*: user name used to authenticate
        - *password*: password used to authenticate
        - *host*: database host address (defaults to UNIX socket if not provided)
        - *port*: connection port number (defaults to 5432 if not provided)
    
        Using the *connection_factory* parameter a different class or connections
        factory can be specified. It should be a callable object taking a dsn
        argument.
    
        Using the *cursor_factory* parameter, a new default cursor factory will be
        used by cursor().
    
        Using *async*=True an asynchronous connection will be created. *async_* is
        a valid alias (for Python versions where ``async`` is a keyword).
    
        Any other keyword parameter will be passed to the underlying client
        library: the list of supported parameters depends on the library version.
    
        """
        kwasync = {}
        if 'async' in kwargs:
            kwasync['async'] = kwargs.pop('async')
        if 'async_' in kwargs:
            kwasync['async_'] = kwargs.pop('async_')
    
        dsn = _ext.make_dsn(dsn, **kwargs)
>       conn = _connect(dsn, connection_factory=connection_factory, **kwasync)
               ^^^^^^^^^^^^^^^^^^^^^^^^^^^^^^^^^^^^^^^^^^^^^^^^^^^^^^^^^^^^^^^
E       psycopg2.OperationalError: connection to server at "localhost" (::1), port 5432 failed: Connection refused (0x0000274D/10061)
E       	Is the server running on that host and accepting TCP/IP connections?
E       connection to server at "localhost" (127.0.0.1), port 5432 failed: Connection refused (0x0000274D/10061)
E       	Is the server running on that host and accepting TCP/IP connections?

..\..\AppData\Roaming\Python\Python314\site-packages\psycopg2\__init__.py:135: OperationalError
---------------------------- Captured stdout setup ----------------------------
[DB] Connection Failed: connection to server at "localhost" (::1), port 5432 failed: Connection refused (0x0000274D/10061)
	Is the server running on that host and accepting TCP/IP connections?
connection to server at "localhost" (127.0.0.1), port 5432 failed: Connection refused (0x0000274D/10061)
	Is the server running on that host and accepting TCP/IP connections?

________ ERROR at setup of TestPhase1Dashboard.test_first_scan_banner _________

app = <Flask 'app'>, client = <FlaskClient <Flask 'app'>>

    @pytest.fixture
    def test_user_with_assigned_sign(app, client):
        with app.app_context():
>           db = get_db()
                 ^^^^^^^^

tests\test_onboarding_activation.py:216: 
_ _ _ _ _ _ _ _ _ _ _ _ _ _ _ _ _ _ _ _ _ _ _ _ _ _ _ _ _ _ _ _ _ _ _ _ _ _ _ _
database.py:20: in get_db
    raise e
database.py:16: in get_db
    conn = psycopg2.connect(db_url, cursor_factory=DictCursor)
           ^^^^^^^^^^^^^^^^^^^^^^^^^^^^^^^^^^^^^^^^^^^^^^^^^^^
_ _ _ _ _ _ _ _ _ _ _ _ _ _ _ _ _ _ _ _ _ _ _ _ _ _ _ _ _ _ _ _ _ _ _ _ _ _ _ _

dsn = 'postgresql://postgres:postgres@localhost:5432/insite_test'
connection_factory = None, cursor_factory = <class 'psycopg2.extras.DictCursor'>
kwargs = {}, kwasync = {}

    def connect(dsn=None, connection_factory=None, cursor_factory=None, **kwargs):
        """
        Create a new database connection.
    
        The connection parameters can be specified as a string:
    
            conn = psycopg2.connect("dbname=test user=postgres password=secret")
    
        or using a set of keyword arguments:
    
            conn = psycopg2.connect(database="test", user="postgres", password="secret")
    
        Or as a mix of both. The basic connection parameters are:
    
        - *dbname*: the database name
        - *database*: the database name (only as keyword argument)
        - *user*: user name used to authenticate
        - *password*: password used to authenticate
        - *host*: database host address (defaults to UNIX socket if not provided)
        - *port*: connection port number (defaults to 5432 if not provided)
    
        Using the *connection_factory* parameter a different class or connections
        factory can be specified. It should be a callable object taking a dsn
        argument.
    
        Using the *cursor_factory* parameter, a new default cursor factory will be
        used by cursor().
    
        Using *async*=True an asynchronous connection will be created. *async_* is
        a valid alias (for Python versions where ``async`` is a keyword).
    
        Any other keyword parameter will be passed to the underlying client
        library: the list of supported parameters depends on the library version.
    
        """
        kwasync = {}
        if 'async' in kwargs:
            kwasync['async'] = kwargs.pop('async')
        if 'async_' in kwargs:
            kwasync['async_'] = kwargs.pop('async_')
    
        dsn = _ext.make_dsn(dsn, **kwargs)
>       conn = _connect(dsn, connection_factory=connection_factory, **kwasync)
               ^^^^^^^^^^^^^^^^^^^^^^^^^^^^^^^^^^^^^^^^^^^^^^^^^^^^^^^^^^^^^^^
E       psycopg2.OperationalError: connection to server at "localhost" (::1), port 5432 failed: Connection refused (0x0000274D/10061)
E       	Is the server running on that host and accepting TCP/IP connections?
E       connection to server at "localhost" (127.0.0.1), port 5432 failed: Connection refused (0x0000274D/10061)
E       	Is the server running on that host and accepting TCP/IP connections?

..\..\AppData\Roaming\Python\Python314\site-packages\psycopg2\__init__.py:135: OperationalError
---------------------------- Captured stdout setup ----------------------------
[DB] Connection Failed: connection to server at "localhost" (::1), port 5432 failed: Connection refused (0x0000274D/10061)
	Is the server running on that host and accepting TCP/IP connections?
connection to server at "localhost" (127.0.0.1), port 5432 failed: Connection refused (0x0000274D/10061)
	Is the server running on that host and accepting TCP/IP connections?

________ ERROR at setup of TestPhase1Dashboard.test_first_lead_banner _________

app = <Flask 'app'>, client = <FlaskClient <Flask 'app'>>

    @pytest.fixture
    def test_user_with_assigned_sign(app, client):
        with app.app_context():
>           db = get_db()
                 ^^^^^^^^

tests\test_onboarding_activation.py:216: 
_ _ _ _ _ _ _ _ _ _ _ _ _ _ _ _ _ _ _ _ _ _ _ _ _ _ _ _ _ _ _ _ _ _ _ _ _ _ _ _
database.py:20: in get_db
    raise e
database.py:16: in get_db
    conn = psycopg2.connect(db_url, cursor_factory=DictCursor)
           ^^^^^^^^^^^^^^^^^^^^^^^^^^^^^^^^^^^^^^^^^^^^^^^^^^^
_ _ _ _ _ _ _ _ _ _ _ _ _ _ _ _ _ _ _ _ _ _ _ _ _ _ _ _ _ _ _ _ _ _ _ _ _ _ _ _

dsn = 'postgresql://postgres:postgres@localhost:5432/insite_test'
connection_factory = None, cursor_factory = <class 'psycopg2.extras.DictCursor'>
kwargs = {}, kwasync = {}

    def connect(dsn=None, connection_factory=None, cursor_factory=None, **kwargs):
        """
        Create a new database connection.
    
        The connection parameters can be specified as a string:
    
            conn = psycopg2.connect("dbname=test user=postgres password=secret")
    
        or using a set of keyword arguments:
    
            conn = psycopg2.connect(database="test", user="postgres", password="secret")
    
        Or as a mix of both. The basic connection parameters are:
    
        - *dbname*: the database name
        - *database*: the database name (only as keyword argument)
        - *user*: user name used to authenticate
        - *password*: password used to authenticate
        - *host*: database host address (defaults to UNIX socket if not provided)
        - *port*: connection port number (defaults to 5432 if not provided)
    
        Using the *connection_factory* parameter a different class or connections
        factory can be specified. It should be a callable object taking a dsn
        argument.
    
        Using the *cursor_factory* parameter, a new default cursor factory will be
        used by cursor().
    
        Using *async*=True an asynchronous connection will be created. *async_* is
        a valid alias (for Python versions where ``async`` is a keyword).
    
        Any other keyword parameter will be passed to the underlying client
        library: the list of supported parameters depends on the library version.
    
        """
        kwasync = {}
        if 'async' in kwargs:
            kwasync['async'] = kwargs.pop('async')
        if 'async_' in kwargs:
            kwasync['async_'] = kwargs.pop('async_')
    
        dsn = _ext.make_dsn(dsn, **kwargs)
>       conn = _connect(dsn, connection_factory=connection_factory, **kwasync)
               ^^^^^^^^^^^^^^^^^^^^^^^^^^^^^^^^^^^^^^^^^^^^^^^^^^^^^^^^^^^^^^^
E       psycopg2.OperationalError: connection to server at "localhost" (::1), port 5432 failed: Connection refused (0x0000274D/10061)
E       	Is the server running on that host and accepting TCP/IP connections?
E       connection to server at "localhost" (127.0.0.1), port 5432 failed: Connection refused (0x0000274D/10061)
E       	Is the server running on that host and accepting TCP/IP connections?

..\..\AppData\Roaming\Python\Python314\site-packages\psycopg2\__init__.py:135: OperationalError
---------------------------- Captured stdout setup ----------------------------
[DB] Connection Failed: connection to server at "localhost" (::1), port 5432 failed: Connection refused (0x0000274D/10061)
	Is the server running on that host and accepting TCP/IP connections?
connection to server at "localhost" (127.0.0.1), port 5432 failed: Connection refused (0x0000274D/10061)
	Is the server running on that host and accepting TCP/IP connections?

____ ERROR at setup of TestPhase1Dashboard.test_analytics_gated_until_scan ____

app = <Flask 'app'>, client = <FlaskClient <Flask 'app'>>

    @pytest.fixture
    def test_user_with_assigned_sign(app, client):
        with app.app_context():
>           db = get_db()
                 ^^^^^^^^

tests\test_onboarding_activation.py:216: 
_ _ _ _ _ _ _ _ _ _ _ _ _ _ _ _ _ _ _ _ _ _ _ _ _ _ _ _ _ _ _ _ _ _ _ _ _ _ _ _
database.py:20: in get_db
    raise e
database.py:16: in get_db
    conn = psycopg2.connect(db_url, cursor_factory=DictCursor)
           ^^^^^^^^^^^^^^^^^^^^^^^^^^^^^^^^^^^^^^^^^^^^^^^^^^^
_ _ _ _ _ _ _ _ _ _ _ _ _ _ _ _ _ _ _ _ _ _ _ _ _ _ _ _ _ _ _ _ _ _ _ _ _ _ _ _

dsn = 'postgresql://postgres:postgres@localhost:5432/insite_test'
connection_factory = None, cursor_factory = <class 'psycopg2.extras.DictCursor'>
kwargs = {}, kwasync = {}

    def connect(dsn=None, connection_factory=None, cursor_factory=None, **kwargs):
        """
        Create a new database connection.
    
        The connection parameters can be specified as a string:
    
            conn = psycopg2.connect("dbname=test user=postgres password=secret")
    
        or using a set of keyword arguments:
    
            conn = psycopg2.connect(database="test", user="postgres", password="secret")
    
        Or as a mix of both. The basic connection parameters are:
    
        - *dbname*: the database name
        - *database*: the database name (only as keyword argument)
        - *user*: user name used to authenticate
        - *password*: password used to authenticate
        - *host*: database host address (defaults to UNIX socket if not provided)
        - *port*: connection port number (defaults to 5432 if not provided)
    
        Using the *connection_factory* parameter a different class or connections
        factory can be specified. It should be a callable object taking a dsn
        argument.
    
        Using the *cursor_factory* parameter, a new default cursor factory will be
        used by cursor().
    
        Using *async*=True an asynchronous connection will be created. *async_* is
        a valid alias (for Python versions where ``async`` is a keyword).
    
        Any other keyword parameter will be passed to the underlying client
        library: the list of supported parameters depends on the library version.
    
        """
        kwasync = {}
        if 'async' in kwargs:
            kwasync['async'] = kwargs.pop('async')
        if 'async_' in kwargs:
            kwasync['async_'] = kwargs.pop('async_')
    
        dsn = _ext.make_dsn(dsn, **kwargs)
>       conn = _connect(dsn, connection_factory=connection_factory, **kwasync)
               ^^^^^^^^^^^^^^^^^^^^^^^^^^^^^^^^^^^^^^^^^^^^^^^^^^^^^^^^^^^^^^^
E       psycopg2.OperationalError: connection to server at "localhost" (::1), port 5432 failed: Connection refused (0x0000274D/10061)
E       	Is the server running on that host and accepting TCP/IP connections?
E       connection to server at "localhost" (127.0.0.1), port 5432 failed: Connection refused (0x0000274D/10061)
E       	Is the server running on that host and accepting TCP/IP connections?

..\..\AppData\Roaming\Python\Python314\site-packages\psycopg2\__init__.py:135: OperationalError
---------------------------- Captured stdout setup ----------------------------
[DB] Connection Failed: connection to server at "localhost" (::1), port 5432 failed: Connection refused (0x0000274D/10061)
	Is the server running on that host and accepting TCP/IP connections?
connection to server at "localhost" (127.0.0.1), port 5432 failed: Connection refused (0x0000274D/10061)
	Is the server running on that host and accepting TCP/IP connections?

============================== warnings summary ===============================
tests/test_onboarding_activation.py::TestPhase1Dashboard::test_dashboard_mode_no_signs
tests/test_onboarding_activation.py::TestPhase1Dashboard::test_dashboard_mode_no_signs
tests/test_onboarding_activation.py::TestPhase1Dashboard::test_dashboard_mode_no_signs
  C:\Users\player1\Desktop\InSite_signs\utils\logger.py:16: DeprecationWarning: datetime.datetime.utcnow() is deprecated and scheduled for removal in a future version. Use timezone-aware objects to represent datetimes in UTC: datetime.datetime.now(datetime.UTC).
    "timestamp": datetime.utcnow().isoformat(),

-- Docs: https://docs.pytest.org/en/stable/how-to/capture-warnings.html
=========================== short test summary info ===========================
ERROR tests/test_onboarding_activation.py::TestPhase1Dashboard::test_dashboard_mode_no_signs
ERROR tests/test_onboarding_activation.py::TestPhase1Dashboard::test_dashboard_mode_needs_assignment
ERROR tests/test_onboarding_activation.py::TestPhase1Dashboard::test_dashboard_mode_active
ERROR tests/test_onboarding_activation.py::TestPhase1Dashboard::test_first_scan_banner
ERROR tests/test_onboarding_activation.py::TestPhase1Dashboard::test_first_lead_banner
ERROR tests/test_onboarding_activation.py::TestPhase1Dashboard::test_analytics_gated_until_scan
================== 1 passed, 3 warnings, 6 errors in 25.83s ===================
